Ref:

https://www.solarwinds.com/database-performance-analyzer/use-cases/database-performance-tuning
https://docs.oracle.com/middleware/12212/wls/PERFM/dbtune.htm#PERFM232
https://blog.csdn.net/u010796790/article/details/52194850
https://www.virtual-dba.com/professional-services/performance-tuning/
https://www.toptal.com/sql-server/sql-database-tuning-for-developers
https://haydenjames.io/mysql-performance-tuning-tips-scripts-tools/
http://www.synametrics.com/SynametricsWebApp/WPTop10Tips.jsp



表的连接方式

怎么找出消耗资源多的sql
Query is Consuming Resources
https://briansnelson.com/MySQL_-_Check_Which_Query_is_Consuming_Resources

sql调整最关心什么

索引是什么

使用索引查询一定能提高查询的性能吗 

临时表空间的作用是什么 

T(a,b,c,d,e) 根据d排序后，找出第90-101条记录，写出sql

SQL tuning, data validation, ETL process, dimensional and relational data modeling.



mysql> select * from bank_account2t where money>0 order by id;
+----+------------------+---------+---------+
| id | cardno           | name    | money   |
+----+------------------+---------+---------+
|  1 | 0000000000000001 | Charies | 7000.00 |
|  2 | 0000000000000002 | Gavin   | 7000.00 |
|  3 | 0000000000000003 | Charies | 5333.00 |
+----+------------------+---------+---------+
3 rows in set (0.01 sec)

Show status命令了解各种SQL的执行频率
mysql> show status like 'Com_%';
+-------------------------------------+-------+
| Variable_name                       | Value |
+-------------------------------------+-------+
| Com_admin_commands                  | 0     |
| Com_assign_to_keycache              | 0     |
| Com_alter_db                        | 0     |
| Com_alter_event                     | 0     |
| Com_alter_function                  | 0     |
| Com_alter_instance                  | 0     |
| Com_alter_procedure                 | 0     |
| Com_alter_resource_group            | 0     |
| Com_alter_server                    | 0     |
| Com_alter_table                     | 0     |
| Com_alter_tablespace                | 0     |
| Com_alter_user                      | 0     |
| Com_alter_user_default_role         | 0     |
| Com_analyze                         | 0     |
| Com_begin                           | 5     |
| Com_binlog                          | 0     |
| Com_call_procedure                  | 0     |
| Com_change_db                       | 0     |
| Com_change_master                   | 0     |
| Com_change_repl_filter              | 0     |
| Com_check                           | 0     |
| Com_checksum                        | 0     |
| Com_clone                           | 0     |
| Com_commit                          | 5     |
| Com_create_db                       | 0     |
| Com_create_event                    | 0     |
| Com_create_function                 | 0     |
| Com_create_index                    | 0     |
| Com_create_procedure                | 0     |
| Com_create_role                     | 0     |
| Com_create_server                   | 0     |
| Com_create_table                    | 5     |
| Com_create_resource_group           | 0     |
| Com_create_trigger                  | 0     |
| Com_create_udf                      | 0     |
| Com_create_user                     | 0     |
| Com_create_view                     | 0     |
| Com_create_spatial_reference_system | 0     |
| Com_dealloc_sql                     | 0     |
| Com_delete                          | 5     |
| Com_delete_multi                    | 0     |
| Com_do                              | 0     |
| Com_drop_db                         | 0     |
| Com_drop_event                      | 0     |
| Com_drop_function                   | 0     |
| Com_drop_index                      | 0     |
| Com_drop_procedure                  | 0     |
| Com_drop_resource_group             | 0     |
| Com_drop_role                       | 0     |
| Com_drop_server                     | 0     |
| Com_drop_spatial_reference_system   | 0     |
| Com_drop_table                      | 0     |
| Com_drop_trigger                    | 0     |
| Com_drop_user                       | 0     |
| Com_drop_view                       | 0     |
| Com_empty_query                     | 0     |
| Com_execute_sql                     | 0     |
| Com_explain_other                   | 0     |
| Com_flush                           | 0     |
| Com_get_diagnostics                 | 0     |
| Com_grant                           | 0     |
| Com_grant_roles                     | 0     |
| Com_ha_close                        | 0     |
| Com_ha_open                         | 0     |
| Com_ha_read                         | 0     |
| Com_help                            | 0     |
| Com_import                          | 0     |
| Com_insert                          | 16    |
| Com_insert_select                   | 3     |
| Com_install_component               | 0     |
| Com_install_plugin                  | 0     |
| Com_kill                            | 0     |
| Com_load                            | 0     |
| Com_lock_instance                   | 0     |
| Com_lock_tables                     | 0     |
| Com_optimize                        | 0     |
| Com_preload_keys                    | 0     |
| Com_prepare_sql                     | 0     |
| Com_purge                           | 0     |
| Com_purge_before_date               | 0     |
| Com_release_savepoint               | 0     |
| Com_rename_table                    | 0     |
| Com_rename_user                     | 0     |
| Com_repair                          | 0     |
| Com_replace                         | 0     |
| Com_replace_select                  | 0     |
| Com_reset                           | 0     |
| Com_resignal                        | 0     |
| Com_restart                         | 0     |
| Com_revoke                          | 0     |
| Com_revoke_all                      | 0     |
| Com_revoke_roles                    | 0     |
| Com_rollback                        | 11    |
| Com_rollback_to_savepoint           | 0     |
| Com_savepoint                       | 0     |
| Com_select                          | 51    |
| Com_set_option                      | 3     |
| Com_set_password                    | 0     |
| Com_set_resource_group              | 0     |
| Com_set_role                        | 0     |
| Com_signal                          | 0     |
| Com_show_binlog_events              | 0     |
| Com_show_binlogs                    | 0     |
| Com_show_charsets                   | 0     |
| Com_show_collations                 | 0     |
| Com_show_create_db                  | 0     |
| Com_show_create_event               | 0     |
| Com_show_create_func                | 0     |
| Com_show_create_proc                | 0     |
| Com_show_create_table               | 0     |
| Com_show_create_trigger             | 0     |
| Com_show_databases                  | 1     |
| Com_show_engine_logs                | 0     |
| Com_show_engine_mutex               | 0     |
| Com_show_engine_status              | 0     |
| Com_show_events                     | 0     |
| Com_show_errors                     | 0     |
| Com_show_fields                     | 0     |
| Com_show_function_code              | 0     |
| Com_show_function_status            | 0     |
| Com_show_grants                     | 0     |
| Com_show_keys                       | 0     |
| Com_show_master_status              | 0     |
| Com_show_open_tables                | 0     |
| Com_show_plugins                    | 0     |
| Com_show_privileges                 | 0     |
| Com_show_procedure_code             | 0     |
| Com_show_procedure_status           | 0     |
| Com_show_processlist                | 0     |
| Com_show_profile                    | 0     |
| Com_show_profiles                   | 0     |
| Com_show_relaylog_events            | 0     |
| Com_show_slave_hosts                | 0     |
| Com_show_slave_status               | 0     |
| Com_show_status                     | 1     |
| Com_show_storage_engines            | 0     |
| Com_show_table_status               | 0     |
| Com_show_tables                     | 0     |
| Com_show_triggers                   | 0     |
| Com_show_variables                  | 0     |
| Com_show_warnings                   | 0     |
| Com_show_create_user                | 0     |
| Com_shutdown                        | 0     |
| Com_slave_start                     | 0     |
| Com_slave_stop                      | 0     |
| Com_group_replication_start         | 0     |
| Com_group_replication_stop          | 0     |
| Com_stmt_execute                    | 0     |
| Com_stmt_close                      | 0     |
| Com_stmt_fetch                      | 0     |
| Com_stmt_prepare                    | 0     |
| Com_stmt_reset                      | 0     |
| Com_stmt_send_long_data             | 0     |
| Com_truncate                        | 0     |
| Com_uninstall_component             | 0     |
| Com_uninstall_plugin                | 0     |
| Com_unlock_instance                 | 0     |
| Com_unlock_tables                   | 0     |
| Com_update                          | 7     |
| Com_update_multi                    | 0     |
| Com_xa_commit                       | 0     |
| Com_xa_end                          | 0     |
| Com_xa_prepare                      | 0     |
| Com_xa_recover                      | 0     |
| Com_xa_rollback                     | 0     |
| Com_xa_start                        | 0     |
| Com_stmt_reprepare                  | 0     |
| Compression                         | OFF   |
+-------------------------------------+-------+
168 rows in set (0.01 sec)


查看针对InnoDB存储引擎状态的统计
mysql> SHOW GLOBAL STATUS LIKE 'Innodb_%';
+---------------------------------------+--------------------------------------------------+
| Variable_name                         | Value                                            |
+---------------------------------------+--------------------------------------------------+
| Innodb_buffer_pool_dump_status        | Dumping of buffer pool not started               |
| Innodb_buffer_pool_load_status        | Buffer pool(s) load completed at 181128 10:43:54 |
| Innodb_buffer_pool_resize_status      |                                                  |
| Innodb_buffer_pool_pages_data         | 263                                              |
| Innodb_buffer_pool_bytes_data         | 4308992                                          |
| Innodb_buffer_pool_pages_dirty        | 0                                                |
| Innodb_buffer_pool_bytes_dirty        | 0                                                |
| Innodb_buffer_pool_pages_flushed      | 581                                              |
| Innodb_buffer_pool_pages_free         | 243                                              |
| Innodb_buffer_pool_pages_misc         | 6                                                |
| Innodb_buffer_pool_pages_total        | 512                                              |
| Innodb_buffer_pool_read_ahead_rnd     | 0                                                |
| Innodb_buffer_pool_read_ahead         | 14                                               |
| Innodb_buffer_pool_read_ahead_evicted | 0                                                |
| Innodb_buffer_pool_read_requests      | 27843                                            |
| Innodb_buffer_pool_reads              | 1164                                             |
| Innodb_buffer_pool_wait_free          | 0                                                |
| Innodb_buffer_pool_write_requests     | 3274                                             |
| Innodb_data_fsyncs                    | 471                                              |
| Innodb_data_pending_fsyncs            | 0                                                |
| Innodb_data_pending_reads             | 0                                                |
| Innodb_data_pending_writes            | 0                                                |
| Innodb_data_read                      | 19371008                                         |
| Innodb_data_reads                     | 1207                                             |
| Innodb_data_writes                    | 1312                                             |
| Innodb_data_written                   | 17424384                                         |
| Innodb_dblwr_pages_written            | 450                                              |
| Innodb_dblwr_writes                   | 61                                               |
| Innodb_log_waits                      | 0                                                |
| Innodb_log_write_requests             | 1985                                             |
| Innodb_log_writes                     | 557                                              |
| Innodb_os_log_fsyncs                  | 219                                              |
| Innodb_os_log_pending_fsyncs          | 0                                                |
| Innodb_os_log_pending_writes          | 0                                                |
| Innodb_os_log_written                 | 338432                                           |
| Innodb_page_size                      | 16384                                            |
| Innodb_pages_created                  | 173                                              |
| Innodb_pages_read                     | 1178                                             |
| Innodb_pages_written                  | 591                                              |
| Innodb_row_lock_current_waits         | 0                                                |
| Innodb_row_lock_time                  | 0                                                |
| Innodb_row_lock_time_avg              | 0                                                |
| Innodb_row_lock_time_max              | 0                                                |
| Innodb_row_lock_waits                 | 0                                                |
| Innodb_rows_deleted                   | 5                                                |
| Innodb_rows_inserted                  | 93                                               |
| Innodb_rows_read                      | 8862                                             |
| Innodb_rows_updated                   | 382                                              |
| Innodb_num_open_files                 | 24                                               |
| Innodb_truncated_status_writes        | 0                                                |
+---------------------------------------+--------------------------------------------------+
50 rows in set (0.02 sec)

mysql> select sleep(5);
+----------+
| sleep(5) |
+----------+
|        0 |
+----------+
1 row in set (5.01 sec)

mysql>


试图连接mySQL服务器的次数
mysql> show global status like 'connections';
+---------------+-------+
| Variable_name | Value |
+---------------+-------+
| Connections   | 26    |
+---------------+-------+
1 row in set (0.00 sec)

mysql>

服务器工作时间
mysql> show global status like 'uptime';
+---------------+---------+
| Variable_name | Value   |
+---------------+---------+
| Uptime        | 1120622 |
+---------------+---------+
1 row in set (0.00 sec)

mysql>
使用explain 分析SQL语句

mysql> select * from bank_account2t where money>0 order by id;
+----+------------------+---------+---------+
| id | cardno           | name    | money   |
+----+------------------+---------+---------+
|  1 | 0000000000000001 | Charies | 7000.00 |
|  2 | 0000000000000002 | Gavin   | 7000.00 |
|  3 | 0000000000000003 | Charies | 5333.00 |
+----+------------------+---------+---------+
3 rows in set (0.01 sec)

mysql> explain select * from bank_account2t where money>0 order by id;
+----+-------------+----------------+------------+-------+---------------+---------+---------+------+------+----------+-------------+
| id | select_type | table          | partitions | type  | possible_keys | key     | key_len | ref  | rows | filtered | Extra       |
+----+-------------+----------------+------------+-------+---------------+---------+---------+------+------+----------+-------------+
|  1 | SIMPLE      | bank_account2t | NULL       | index | NULL          | PRIMARY | 4       | NULL |    4 |    33.33 | Using where |
+----+-------------+----------------+------------+-------+---------------+---------+---------+------+------+----------+-------------+
1 row in set, 1 warning (0.01 sec)

mysql>


查看索引使用情况
mysql> show status like 'Handler_read%';
+-----------------------+-------+
| Variable_name         | Value |
+-----------------------+-------+
| Handler_read_first    | 62    |
| Handler_read_key      | 216   |
| Handler_read_last     | 0     |
| Handler_read_next     | 99    |
| Handler_read_prev     | 0     |
| Handler_read_rnd      | 7     |
| Handler_read_rnd_next | 324   |
+-----------------------+-------+
7 rows in set (0.00 sec)



mysql> select * from world.bank_account2t;
+----+------------------+---------+---------+
| id | cardno           | name    | money   |
+----+------------------+---------+---------+
|  1 | 0000000000000001 | Charies | 7000.00 |
|  2 | 0000000000000002 | Gavin   | 7000.00 |
|  3 | 0000000000000003 | Charies | 5333.00 |
|  4 | 0000000000000004 | Gavin   |   -1.00 |
+----+------------------+---------+---------+
4 rows in set (0.00 sec)

查询表级锁争用情况 -- Value值越大，说明表级锁争用情况越严重。
mysql> show status like 'table%';
+----------------------------+-------+
| Variable_name              | Value |
+----------------------------+-------+
| Table_locks_immediate      | 64    |
| Table_locks_waited         | 0     |
| Table_open_cache_hits      | 428   |
| Table_open_cache_misses    | 26    |
| Table_open_cache_overflows | 0     |
+----------------------------+-------+
5 rows in set (0.00 sec)



查看锁
当上面出现锁等待的情况下，使用putty连接输入以下命令  show global status like 'innodb_row_lock%'

mysql> show global status like 'innodb_row_lock%';
+-------------------------------+-------+
| Variable_name                 | Value |
+-------------------------------+-------+
| Innodb_row_lock_current_waits | 0     |
| Innodb_row_lock_time          | 0     |
| Innodb_row_lock_time_avg      | 0     |
| Innodb_row_lock_time_max      | 0     |
| Innodb_row_lock_waits         | 0     |
+-------------------------------+-------+
5 rows in set (0.00 sec)

查看全局的表锁
mysql> show global status like 'table%';
+----------------------------+-------+
| Variable_name              | Value |
+----------------------------+-------+
| Table_locks_immediate      | 67    |
| Table_locks_waited         | 0     |
| Table_open_cache_hits      | 4459  |
| Table_open_cache_misses    | 267   |
| Table_open_cache_overflows | 0     |
+----------------------------+-------+
5 rows in set (0.00 sec)


Innodb_row_lock_current_waits：当前正在等待锁定的数量；

Innodb_row_lock_time：         从系统启动到现在锁定总时间长度；

Innodb_row_lock_time_avg：     每次等待所花平均时间；

Innodb_row_lock_time_max：     从系统启动到现在等待最常的一次所花的时间；

Innodb_row_lock_waits：        系统启动后到现在总共等待的次数；


mysql> show variables like '%query_cache%';
+------------------+-------+
| Variable_name    | Value |
+------------------+-------+
| have_query_cache | NO    |
+------------------+-------+
1 row in set (0.00 sec)

mysql>




应用优化
减少对mySQL的访问
要想提高访问速度，能够一次连接就能取的所有结果，就不要分两步。这样能够大大减少对数据库无谓的重复访问。



mysql> show global variables like '%innodb_stats%';
+--------------------------------------+-------------+
| Variable_name                        | Value       |
+--------------------------------------+-------------+
| innodb_stats_auto_recalc             | ON          |
| innodb_stats_include_delete_marked   | OFF         |
| innodb_stats_method                  | nulls_equal |
| innodb_stats_on_metadata             | OFF         |
| innodb_stats_persistent              | ON          |
| innodb_stats_persistent_sample_pages | 20          |
| innodb_stats_transient_sample_pages  | 8           |
+--------------------------------------+-------------+
7 rows in set (0.01 sec)

mysql>
mysql> show databases;
+--------------------+
| Database           |
+--------------------+
| information_schema |
| mysql              |
| performance_schema |
| sakila             |
| southwind          |
| sys                |
| world              |
+--------------------+
7 rows in set (0.00 sec)

mysql> use information_schema;
Database changed

查询数据库总大小
mysql>  select concat(round(sum(data_length/1024/1024),2),'MB') as data from tables;
+--------+
| data   |
+--------+
| 7.61MB |
+--------+
1 row in set (0.30 sec)

mysql>

mysql> select concat(round(sum(data_length/1024/1024),2),'MB') as data from tables where table_schema='zabbix';
+------+
| data |
+------+
| NULL |
+------+
1 row in set (0.01 sec)

mysql>


ps查看进程信息并通过less分页  ps -ef |less 

 

